__text_start:
__start:
      44 E5CF      LDI	R28,0x5F
      45 E0D4      LDI	R29,4
      46 BFCD      OUT	0x3D,R28
      47 BFDE      OUT	0x3E,R29
      48 51C0      SUBI	R28,0x10
      49 40D0      SBCI	R29,0
      4A EA0A      LDI	R16,0xAA
      4B 8308      STD	Y+0,R16
      4C 2400      CLR	R0
      4D E9E4      LDI	R30,0x94
      4E E0F0      LDI	R31,0
      4F E010      LDI	R17,0
      50 39E8      CPI	R30,0x98
      51 07F1      CPC	R31,R17
      52 F011      BEQ	0x0055
      53 9201      ST	R0,Z+
      54 CFFB      RJMP	0x0050
      55 8300      STD	Z+0,R16
      56 E5E4      LDI	R30,0x54
      57 E0F0      LDI	R31,0
      58 E6A0      LDI	R26,0x60
      59 E0B0      LDI	R27,0
      5A E010      LDI	R17,0
      5B 38E8      CPI	R30,0x88
      5C 07F1      CPC	R31,R17
      5D F021      BEQ	0x0062
      5E 95C8      LPM
      5F 9631      ADIW	R30,1
      60 920D      ST	R0,X+
      61 CFF9      RJMP	0x005B
      62 940E 0141 CALL	_main
_exit:
      64 CFFF      RJMP	_exit
_Delay:
  i                    --> R20
  s                    --> R16
      65 934A      ST	R20,-Y
      66 935A      ST	R21,-Y
FILE: C:\DOCUME~1\Administrator\桌面\无线记分系统\接收\jieshou.c
(0001) //ICC-AVR application builder : 2007-8-11 20:37:32
(0002) // Target : M16
(0003) // Crystal: 8.0000Mhz
(0004) #include <iom16v.h>
(0005) #include <macros.h>
(0006) //------------------------------------------------------------------------------
(0007) //--------------------------------NRF24L01接口定义--------------------------------
(0008) //------------------------------------------------------------------------------
(0009) //#define NRF24L01_MISO          PB4		//输入0	
(0010) #define   Hign_24L01_MISO    PORTB |= (1 << PB4) 
(0011) #define   Low_24L01_MISO     PORTB &= ~(1 << PB4)
(0012) #define   Read_24L01_MISO    PINB & (1 << PB4) 
(0013) 
(0014) //#define NRF24L01_MOSI         PB2  	    //输出1
(0015) #define   Hign_24L01_MOSI    PORTB |= (1 << PB2)  
(0016) #define   Low_24L01_MOSI     PORTB &= ~(1 << PB2)
(0017) #define   Read_24L01_MOSI    PINB & (1 << PB2) 
(0018) 
(0019) //#define NRF24L01_CSN     		PB7	      //输出1
(0020) #define   Low_24L01_CSN     PORTB &= ~(1 << PB7)
(0021) #define   Hign_24L01_CSN   	PORTB |= (1 << PB7)
(0022) 
(0023) //#define NRF24L01_SCK  		PB6   	  //输出1
(0024) #define   Hign_24L01_SCK    PORTB |= (1 << PB6)   
(0025) #define   Low_24L01_SCK     PORTB &= ~(1 << PB6) 		
(0026) #define   Read_24L01_SCK    PINB & (1 << PB6);
(0027) 
(0028) //#define NRF24L01_CE    	    PB5	      //输出1
(0029) #define   Hign_24L01_CE    PORTB |= (1 << PB5)  
(0030) #define   Low_24L01_CE     PORTB &= ~(1 << PB5)		
(0031) #define   Read_24L01_CE    PINB & (1 << PB5)
(0032) 
(0033) //#define  NRF24L01_IRQ     PB3	       //输入
(0034) #define   Hign_NRF24L01_IRQ    PORTB |= (1 << PB3)   
(0035) #define   Low_NRF24L01_IRQ     PORTB &= ~(1 << PB3)
(0036) #define   Read_NRF24L01_IRQ    PINB & (1 << PB3)
(0037)   
(0038) //------------------------------数码管位选--------------------------------------
(0039) //#define Display1   PA1  		    //输出1
(0040) #define   Hign_Display1     PORTA |= (1 << PA1);   
(0041) #define   Low_Display1    	PORTA &= ~(1 << PA1); 
(0042) //#define Display2      PA2  		//输出1
(0043) #define   Hign_Display2     PORTA |= (1 << PA2);   
(0044) #define   Low_Display2    	PORTA &= ~(1 << PA2); 
(0045) //#define Display3     PA3  		//输出1
(0046) #define   Hign_Display3     PORTA |= (1 << PA3);   
(0047) #define   Low_Display3     	PORTA &= ~(1 << PA3); 
(0048) //#define Display4      PA4 		//输出1
(0049) #define   Hign_Display4     PORTA |= (1 << PA4);   
(0050) #define   Low_Display4     	PORTA &= ~(1 << PA4);   
(0051) //-------------------------------BELL蜂明器-------------------------------------
(0052) #define   Hign_BELL 		PORTD |= (1 << PD5);   
(0053) #define   Low_BELL     	    PORTD &= ~(1 << PD5); 
(0054) //-------------------------------JDQ继电器--------------------------------------
(0055) #define   Hign_JDQ  		PORTD |= (1 << PD7)
(0056) #define   Low_JDQ    		PORTD &= ~(1 << PD7) 
(0057) //***********************************数码管0-9编码*******************************************
(0058) char seg[10]={0xC0,0xCF,0xA4,0xB0,0x99,0x92,0x82,0xF8,0x80,0x90};         //0~~9段码
(0059) char TxBuf[32]=
(0060) {
(0061) 0x01,0x02,0x03,0x4,0x05,0x06,0x07,0x08,
(0062) 0x09,0x10,0x11,0x12,0x13,0x14,0x15,0x16,
(0063) 0x17,0x18,0x19,0x20,0x21,0x22,0x23,0x24,
(0064) 0x25,0x26,0x27,0x28,0x29,0x30,0x31,0x32,
(0065) };
(0066) char sta,count,count1,count2;
(0067) //*********************************************NRF24L01*************************************
(0068) #define TX_ADR_WIDTH    5   	// 5 uints TX address width
(0069) #define RX_ADR_WIDTH    5   	// 5 uints RX address width
(0070) #define TX_PLOAD_WIDTH  32  	// 20 uints TX payload
(0071) #define RX_PLOAD_WIDTH  32  	// 20 uints TX payload
(0072) char  TX_ADDRESS[TX_ADR_WIDTH]= {0x34,0x43,0x10,0x10,0x01};	//本地地址
(0073) char  RX_ADDRESS[RX_ADR_WIDTH]= {0x34,0x43,0x10,0x10,0x01};	//接收地址
(0074) //***************************************NRF24L01寄存器指令*******************************************************
(0075) #define READ_REG        0x00  	// 读寄存器指令
(0076) #define WRITE_REG       0x20 	// 写寄存器指令
(0077) #define RD_RX_PLOAD     0x61  	// 读取接收数据指令
(0078) #define WR_TX_PLOAD     0xA0  	// 写待发数据指令
(0079) #define FLUSH_TX        0xE1 	// 冲洗发送 FIFO指令
(0080) #define FLUSH_RX        0xE2  	// 冲洗接收 FIFO指令
(0081) #define REUSE_TX_PL     0xE3  	// 定义重复装载数据指令
(0082) #define NOP1             0xFF  	// 保留
(0083) //*************************************SPI(nRF24L01)寄存器地址****************************************************
(0084) #define CONFIG          0x00  // 配置收发状态，CRC校验模式以及收发状态响应方式
(0085) #define EN_AA           0x01  // 自动应答功能设置
(0086) #define EN_RXADDR       0x02  // 可用信道设置
(0087) #define SETUP_AW        0x03  // 收发地址宽度设置
(0088) #define SETUP_RETR      0x04  // 自动重发功能设置
(0089) #define RF_CH           0x05  // 工作频率设置
(0090) #define RF_SETUP        0x06  // 发射速率、功耗功能设置
(0091) #define STATUS          0x07  // 状态寄存器
(0092) #define OBSERVE_TX      0x08  // 发送监测功能
(0093) #define CD              0x09  // 地址检测           
(0094) #define RX_ADDR_P0      0x0A  // 频道0接收数据地址
(0095) #define RX_ADDR_P1      0x0B  // 频道1接收数据地址
(0096) #define RX_ADDR_P2      0x0C  // 频道2接收数据地址
(0097) #define RX_ADDR_P3      0x0D  // 频道3接收数据地址
(0098) #define RX_ADDR_P4      0x0E  // 频道4接收数据地址
(0099) #define RX_ADDR_P5      0x0F  // 频道5接收数据地址
(0100) #define TX_ADDR         0x10  // 发送地址寄存器
(0101) #define RX_PW_P0        0x11  // 接收频道0接收数据长度
(0102) #define RX_PW_P1        0x12  // 接收频道0接收数据长度
(0103) #define RX_PW_P2        0x13  // 接收频道0接收数据长度
(0104) #define RX_PW_P3        0x14  // 接收频道0接收数据长度
(0105) #define RX_PW_P4        0x15  // 接收频道0接收数据长度
(0106) #define RX_PW_P5        0x16  // 接收频道0接收数据长度
(0107) #define FIFO_STATUS     0x17  // FIFO栈入栈出状态寄存器设置
(0108) //**************************************************************************************
(0109) void Delay(int s);
(0110) void inerDelay_us(char n);
(0111) void init_NRF24L01(void);
(0112) char SPI_RW(char data);
(0113) char SPI_Read(char reg);
(0114) char SPI_RW_Reg(char reg, char value);
(0115) char SPI_Read_Buf(char reg, char *pBuf, char uchars);
(0116) char SPI_Write_Buf(char reg, char *pBuf, char uchars);
(0117) void SetRX_Mode(void);
(0118) char nRF24L01_RxPacket(char* rx_buf);
(0119) void nRF24L01_TxPacket(char * tx_buf);
(0120) void dis_zhuye();
(0121) 
(0122) //*****************************************长延时*****************************************
(0123) void Delay(int s)
(0124) {
(0125) 	unsigned int i;
(0126) 	for(i=0; i<s; i++);
      67 2744      CLR	R20
      68 2755      CLR	R21
      69 C002      RJMP	0x006C
      6A 5F4F      SUBI	R20,0xFF
      6B 4F5F      SBCI	R21,0xFF
      6C 1740      CP	R20,R16
      6D 0751      CPC	R21,R17
      6E F3D8      BCS	0x006A
(0127) 	for(i=0; i<s; i++);
      6F 2744      CLR	R20
      70 2755      CLR	R21
      71 C002      RJMP	0x0074
      72 5F4F      SUBI	R20,0xFF
      73 4F5F      SBCI	R21,0xFF
      74 1740      CP	R20,R16
      75 0751      CPC	R21,R17
      76 F3D8      BCS	0x0072
      77 9159      LD	R21,Y+
      78 9149      LD	R20,Y+
      79 9508      RET
_SPI_RW:
  temp                 --> R10
  i                    --> R20
  data                 --> R16
      7A 940E 0188 CALL	push_xgset300C
(0128) }
(0129) 
(0130) /****************************************************************************************************
(0131) /*函数：uint SPI_RW(uint uchar)
(0132) /*功能：NRF24L01的SPI写时序
(0133) /****************************************************************************************************/
(0134) char SPI_RW(char data)
(0135) {
(0136) 	char i,temp=0;
      7C 24AA      CLR	R10
(0137)    	for(i=0;i<8;i++) // output 8-bit
      7D 2744      CLR	R20
      7E C00D      RJMP	0x008C
(0138)    	{
(0139) 	if(data & 0x80)
      7F FF07      SBRS	R16,7
      80 C002      RJMP	0x0083
(0140) 	{
(0141) 		Hign_24L01_MOSI ;         // output 'uchar', MSB to MOSI
      81 9AC2      SBI	0x18,2
(0142) 	}
      82 C001      RJMP	0x0084
(0143) 	else
(0144) 	{
(0145) 	 	Low_24L01_MOSI; 
      83 98C2      CBI	0x18,2
(0146) 	}	
(0147) 		data = (data << 1);           // shift next bit into MSB..
      84 0F00      LSL	R16
(0148) 		temp<<=1;
      85 0CAA      LSL	R10
(0149) 		Hign_24L01_SCK ;                      // Set SCK high..
      86 9AC6      SBI	0x18,6
(0150) 		if(PINB&0x10)temp++;       		  // capture current MISO bit
      87 9BB4      SBIS	0x16,4
      88 C001      RJMP	0x008A
      89 94A3      INC	R10
(0151) 		Low_24L01_SCK;            		  // ..then set SCK low again
      8A 98C6      CBI	0x18,6
      8B 9543      INC	R20
      8C 3048      CPI	R20,0x8
      8D F388      BCS	0x007F
(0152)    	}
(0153)     return(temp);           		  // return read uchar
      8E 2D0A      MOV	R16,R10
      8F 940C 018D JMP	pop_xgset300C
_SPI_Read:
  reg_val              --> R10
  reg                  --> R10
      91 92AA      ST	R10,-Y
      92 92BA      ST	R11,-Y
      93 2EA0      MOV	R10,R16
(0154) }
(0155) /****************************************************************************************************
(0156) /*函数：uchar SPI_Read(uchar reg)
(0157) /*功能：NRF24L01的SPI时序
(0158) /****************************************************************************************************/
(0159) char SPI_Read(char reg)
(0160) {
(0161) 	char reg_val;
(0162) 	
(0163) 	Low_24L01_CSN;                // CSN low, initialize SPI communication...
      94 98C7      CBI	0x18,7
(0164) 	SPI_RW(reg);            // Select register to read from..
      95 2D0A      MOV	R16,R10
      96 DFE3      RCALL	_SPI_RW
(0165) 	reg_val = SPI_RW(0);    // ..then read registervalue
      97 2700      CLR	R16
      98 DFE1      RCALL	_SPI_RW
      99 2EA0      MOV	R10,R16
(0166) 	Hign_24L01_CSN;                // CSN high, terminate SPI communication
      9A 9AC7      SBI	0x18,7
(0167) 	
(0168) 	return(reg_val);        // return register value
      9B 90B9      LD	R11,Y+
      9C 90A9      LD	R10,Y+
      9D 9508      RET
_SPI_RW_Reg:
  status               --> R10
  value                --> R12
  reg                  --> R10
      9E 940E 0183 CALL	push_xgset003C
      A0 2EC2      MOV	R12,R18
      A1 2EA0      MOV	R10,R16
(0169) }
(0170) /****************************************************************************************************/
(0171) /*功能：NRF24L01读写寄存器函数
(0172) /****************************************************************************************************/
(0173) char SPI_RW_Reg(char reg, char value)
(0174) {
(0175) 	char status;
(0176) 	
(0177) 	Low_24L01_CSN;                   // CSN low, init SPI transaction
      A2 98C7      CBI	0x18,7
(0178) 	status = SPI_RW(reg);      // select register
      A3 2D0A      MOV	R16,R10
      A4 DFD5      RCALL	_SPI_RW
      A5 2EA0      MOV	R10,R16
(0179) 	SPI_RW(value);             // ..and write value to it..
      A6 2D0C      MOV	R16,R12
      A7 DFD2      RCALL	_SPI_RW
(0180) 	Hign_24L01_CSN;                   // CSN high again
      A8 9AC7      SBI	0x18,7
(0181) 	
(0182) 	return(status);            // return nRF24L01 status uchar
      A9 2D0A      MOV	R16,R10
      AA 940C 0171 JMP	pop_xgset003C
_SPI_Read_Buf:
  status1              --> R10
  uchar_ctr            --> R20
  uchars               --> Y,+6
  pBuf                 --> R12
  reg                  --> R10
      AC 940E 0192 CALL	push_xgset303C
      AE 0169      MOVW	R12,R18
      AF 2EA0      MOV	R10,R16
(0183) }
(0184) /****************************************************************************************************/
(0185) /*函数：uint SPI_Read_Buf(uchar reg, uchar *pBuf, uchar uchars)
(0186) /*功能: 用于读数据，reg：为寄存器地址，pBuf：为待读出数据地址，uchars：读出数据的个数
(0187) /****************************************************************************************************/
(0188) char SPI_Read_Buf(char reg, char *pBuf, char uchars)
(0189) {
(0190) 	int status1,uchar_ctr;
(0191) 	
(0192) 	Low_24L01_CSN;                    		// Set CSN low, init SPI tranaction
      B0 98C7      CBI	0x18,7
(0193) 	status1 = SPI_RW(reg);       		// Select register to write to and read status uchar
      B1 2D0A      MOV	R16,R10
      B2 DFC7      RCALL	_SPI_RW
      B3 2EA0      MOV	R10,R16
      B4 24BB      CLR	R11
(0194) 	
(0195) 	for(uchar_ctr=0;uchar_ctr<uchars;uchar_ctr++)
      B5 2744      CLR	R20
      B6 2755      CLR	R21
      B7 C008      RJMP	0x00C0
(0196) 		pBuf[uchar_ctr] = SPI_RW(0);    // 
      B8 2700      CLR	R16
      B9 DFC0      RCALL	_SPI_RW
      BA 01FA      MOVW	R30,R20
      BB 0DEC      ADD	R30,R12
      BC 1DFD      ADC	R31,R13
      BD 8300      STD	Z+0,R16
      BE 5F4F      SUBI	R20,0xFF
      BF 4F5F      SBCI	R21,0xFF
      C0 802E      LDD	R2,Y+6
      C1 2433      CLR	R3
      C2 1542      CP	R20,R2
      C3 0553      CPC	R21,R3
      C4 F39C      BLT	0x00B8
(0197) 	
(0198) 	Hign_24L01_CSN;                           
      C5 9AC7      SBI	0x18,7
(0199) 	
(0200) 	return(status1);                    // return nRF24L01 status uchar
      C6 2D0A      MOV	R16,R10
      C7 940C 0199 JMP	pop_xgset303C
_SPI_Write_Buf:
  status1              --> R10
  uchar_ctr            --> R12
  uchars               --> Y,+6
  pBuf                 --> R14
  reg                  --> R10
      C9 940E 0181 CALL	push_xgset00FC
      CB 0179      MOVW	R14,R18
      CC 2EA0      MOV	R10,R16
(0201) }
(0202) /*********************************************************************************************************
(0203) /*函数：uint SPI_Write_Buf(uchar reg, uchar *pBuf, uchar uchars)
(0204) /*功能: 用于写数据：为寄存器地址，pBuf：为待写入数据地址，uchars：写入数据的个数
(0205) /*********************************************************************************************************/
(0206) char SPI_Write_Buf(char reg, char *pBuf, char uchars)
(0207) {
(0208) 	char status1,uchar_ctr;
(0209) 	
(0210) 	Low_24L01_CSN;             //SPI使能       
      CD 98C7      CBI	0x18,7
(0211) 	status1 = SPI_RW(reg);   
      CE 2D0A      MOV	R16,R10
      CF DFAA      RCALL	_SPI_RW
      D0 2EA0      MOV	R10,R16
(0212) 	for(uchar_ctr=0; uchar_ctr<uchars; uchar_ctr++) //
      D1 24CC      CLR	R12
      D2 C005      RJMP	0x00D8
(0213) 	SPI_RW(*pBuf++);
      D3 01F7      MOVW	R30,R14
      D4 9101      LD	R16,Z+
      D5 017F      MOVW	R14,R30
      D6 DFA3      RCALL	_SPI_RW
      D7 94C3      INC	R12
      D8 800E      LDD	R0,Y+6
      D9 14C0      CP	R12,R0
      DA F3C0      BCS	0x00D3
(0214) 	Hign_24L01_CSN;           //关闭SPI
      DB 9AC7      SBI	0x18,7
(0215) 	return(status1);    		  // 
      DC 2D0A      MOV	R16,R10
      DD 940C 0176 JMP	pop_xgset00FC
(0216) }
(0217) /****************************************************************************************************/
(0218) /*函数：void SetRX_Mode(void)
(0219) /*功能：数据接收配置 
(0220) /****************************************************************************************************/
(0221) void SetRX_Mode(void)
(0222) {
(0223) 	Low_24L01_CE;
_SetRX_Mode:
      DF 98C5      CBI	0x18,5
(0224) 	//SPI_RW_Reg(WRITE_REG + CONFIG, 0x0f);   		// IRQ收发完成中断响应，16位CRC	，主接收
(0225) 	Hign_24L01_CE; 
      E0 9AC5      SBI	0x18,5
(0226) 	Delay(1000);//注意不能太小
      E1 EE08      LDI	R16,0xE8
      E2 E013      LDI	R17,3
      E3 DF81      RCALL	_Delay
      E4 9508      RET
_nRF24L01_RxPacket:
  revale               --> R20
  rx_buf               --> R10
      E5 940E 0188 CALL	push_xgset300C
      E7 0158      MOVW	R10,R16
      E8 9721      SBIW	R28,1
(0227) }
(0228) /******************************************************************************************************/
(0229) /*函数：unsigned char nRF24L01_RxPacket(unsigned char* rx_buf)
(0230) /*功能：数据读取后放如rx_buf接收缓冲区中
(0231) /******************************************************************************************************/
(0232) char nRF24L01_RxPacket(char* rx_buf)
(0233) {
(0234)     char revale=0;
      E9 2744      CLR	R20
(0235) 	sta=SPI_Read(STATUS);	      // 读取状态寄存其来判断数据接收状况		
      EA E007      LDI	R16,7
      EB DFA5      RCALL	_SPI_Read
      EC 9300 0097 STS	sta,R16
(0236) 	if(sta&0x40)         // 判断是否接收到数据
      EE FF06      SBRS	R16,6
      EF C007      RJMP	0x00F7
(0237) 	{
(0238) 	    Low_24L01_CE; 			//SPI使能
      F0 98C5      CBI	0x18,5
(0239) 		SPI_Read_Buf(RD_RX_PLOAD,rx_buf,TX_PLOAD_WIDTH);// read receive payload from RX_FIFO buffer
      F1 E280      LDI	R24,0x20
      F2 8388      STD	Y+0,R24
      F3 0195      MOVW	R18,R10
      F4 E601      LDI	R16,0x61
      F5 DFB6      RCALL	_SPI_Read_Buf
(0240) 		revale =1;			//读取数据完成标志
      F6 E041      LDI	R20,1
(0241) 	}
(0242) 	SPI_RW_Reg(WRITE_REG+STATUS,sta);   //接收到数据后RX_DR,TX_DS,MAX_PT都置高为1，通过写1来清楚中断标志
      F7 9120 0097 LDS	R18,sta
      F9 E207      LDI	R16,0x27
      FA DFA3      RCALL	_SPI_RW_Reg
(0243) 	return revale;
      FB 2F04      MOV	R16,R20
      FC 9621      ADIW	R28,1
      FD 940C 018D JMP	pop_xgset300C
_nRF24L01_TxPacket:
  tx_buf               --> R10
      FF 92AA      ST	R10,-Y
     100 92BA      ST	R11,-Y
     101 0158      MOVW	R10,R16
     102 9721      SBIW	R28,1
(0244) }
(0245) /***********************************************************************************************************
(0246) /*函数：void nRF24L01_TxPacket(char * tx_buf)
(0247) /*功能：发送 tx_buf中数据
(0248) /**********************************************************************************************************/
(0249) void nRF24L01_TxPacket(char * tx_buf)
(0250) {
(0251) 	Low_24L01_CE;			//StandBy I模式	
     103 98C5      CBI	0x18,5
(0252) 	SPI_Write_Buf(WRITE_REG + RX_ADDR_P0, TX_ADDRESS, TX_ADR_WIDTH); // 装载接收端地址
     104 E085      LDI	R24,5
     105 8388      STD	Y+0,R24
     106 E82A      LDI	R18,0x8A
     107 E030      LDI	R19,0
     108 E20A      LDI	R16,0x2A
     109 DFBF      RCALL	_SPI_Write_Buf
(0253) 	SPI_Write_Buf(WR_TX_PLOAD, tx_buf, TX_PLOAD_WIDTH); 			 // 装载数据	
     10A E280      LDI	R24,0x20
     10B 8388      STD	Y+0,R24
     10C 0195      MOVW	R18,R10
     10D EA00      LDI	R16,0xA0
     10E DFBA      RCALL	_SPI_Write_Buf
(0254) 	SPI_RW_Reg(WRITE_REG + CONFIG, 0x0e);   		 // IRQ收发完成中断响应，16位CRC，主发送
     10F E02E      LDI	R18,0xE
     110 E200      LDI	R16,0x20
     111 DF8C      RCALL	_SPI_RW_Reg
(0255) 	Hign_24L01_CE;		 //置高CE，激发数据发送
     112 9AC5      SBI	0x18,5
(0256) 	Delay(600);
     113 E508      LDI	R16,0x58
     114 E012      LDI	R17,2
     115 DF4F      RCALL	_Delay
     116 9621      ADIW	R28,1
     117 90B9      LD	R11,Y+
     118 90A9      LD	R10,Y+
     119 9508      RET
_init_NRF24L01:
     11A 9721      SBIW	R28,1
(0257) }
(0258) //****************************************************************************************
(0259) /*NRF24L01初始化
(0260) //***************************************************************************************/
(0261) void init_NRF24L01(void)
(0262) {
(0263) 
(0264)  	Low_24L01_CE;    // chip enable
     11B 98C5      CBI	0x18,5
(0265)  	Hign_24L01_CSN;   // Spi disable 
     11C 9AC7      SBI	0x18,7
(0266)  	Low_24L01_SCK;   // Spi clock line init high
     11D 98C6      CBI	0x18,6
(0267) 	SPI_Write_Buf(WRITE_REG + TX_ADDR, TX_ADDRESS, TX_ADR_WIDTH);    // 写本地地址	
     11E E085      LDI	R24,5
     11F 8388      STD	Y+0,R24
     120 E82A      LDI	R18,0x8A
     121 E030      LDI	R19,0
     122 E300      LDI	R16,0x30
     123 DFA5      RCALL	_SPI_Write_Buf
(0268) 	SPI_Write_Buf(WRITE_REG + RX_ADDR_P0, RX_ADDRESS, RX_ADR_WIDTH); // 写接收端地址
     124 E085      LDI	R24,5
     125 8388      STD	Y+0,R24
     126 E82F      LDI	R18,0x8F
     127 E030      LDI	R19,0
     128 E20A      LDI	R16,0x2A
     129 DF9F      RCALL	_SPI_Write_Buf
(0269) 	SPI_RW_Reg(WRITE_REG + EN_AA, 0x01);      //  频道0自动	ACK应答允许	
     12A E021      LDI	R18,1
     12B E201      LDI	R16,0x21
     12C DF71      RCALL	_SPI_RW_Reg
(0270) 	SPI_RW_Reg(WRITE_REG + EN_RXADDR, 0x01);  //  允许接收地址只有频道0，如果需要多频道可以参考Page21  
     12D E021      LDI	R18,1
     12E E202      LDI	R16,0x22
     12F DF6E      RCALL	_SPI_RW_Reg
(0271) 	SPI_RW_Reg(WRITE_REG + RF_CH, 0);        //   设置信道工作为2.4GHZ，收发必须一致
     130 2722      CLR	R18
     131 E205      LDI	R16,0x25
     132 DF6B      RCALL	_SPI_RW_Reg
(0272) 	SPI_RW_Reg(WRITE_REG + RX_PW_P0, RX_PLOAD_WIDTH); //设置接收数据长度，本次设置为32字节
     133 E220      LDI	R18,0x20
     134 E301      LDI	R16,0x31
     135 DF68      RCALL	_SPI_RW_Reg
(0273) 	SPI_RW_Reg(WRITE_REG + RF_SETUP, 0x07);   		//设置发射速率为1MHZ，发射功率为最大值0dB
     136 E027      LDI	R18,7
     137 E206      LDI	R16,0x26
     138 DF65      RCALL	_SPI_RW_Reg
(0274) 	SPI_RW_Reg(WRITE_REG + CONFIG, 0x0f);   		// IRQ收发完成中断响应，16位CRC	，主接收}
     139 E02F      LDI	R18,0xF
     13A E200      LDI	R16,0x20
     13B DF62      RCALL	_SPI_RW_Reg
(0275)     Delay(6000);
     13C E700      LDI	R16,0x70
     13D E117      LDI	R17,0x17
     13E DF26      RCALL	_Delay
     13F 9621      ADIW	R28,1
     140 9508      RET
_main:
  i                    --> Y,+1
  RxBuf                --> Y,+0
     141 97A0      SBIW	R28,0x20
(0276) }
(0277) //******************************************************************************
(0278) //******************************************************************************
(0279) main()
(0280) {
(0281)  	char i,RxBuf[32];
(0282)  	DDRB=0xe4;
     142 EE84      LDI	R24,0xE4
     143 BB87      OUT	0x17,R24
(0283) 	DDRC=0xff;
     144 EF8F      LDI	R24,0xFF
     145 BB84      OUT	0x14,R24
(0284) 	DDRA=0x1e;
     146 E18E      LDI	R24,0x1E
     147 BB8A      OUT	0x1A,R24
(0285) 	DDRD=0xb2;
     148 EB82      LDI	R24,0xB2
     149 BB81      OUT	0x11,R24
(0286) 	PORTA=0x00;
     14A 2422      CLR	R2
     14B BA2B      OUT	0x1B,R2
(0287) 	PORTC=0xbf;
     14C EB8F      LDI	R24,0xBF
     14D BB85      OUT	0x15,R24
(0288) 	Hign_BELL;	
     14E 9A95      SBI	0x12,5
(0289) 	Low_JDQ ;
     14F 9897      CBI	0x12,7
(0290) 	Low_Display4;
     150 98DC      CBI	0x1B,4
(0291) 	Low_Display3;
     151 98DB      CBI	0x1B,3
(0292) 	Low_Display2;
     152 98DA      CBI	0x1B,2
(0293) 	Low_Display1;
     153 98D9      CBI	0x1B,1
(0294) //******************************************************************************
(0295)     init_NRF24L01() ;
     154 DFC5      RCALL	_init_NRF24L01
     155 C018      RJMP	0x016E
(0296) 	while(1)
(0297) 	{
(0298) 		SetRX_Mode();
     156 DF88      RCALL	_SetRX_Mode
(0299) 		if(nRF24L01_RxPacket(RxBuf)) //判断是否收到数据
     157 018E      MOVW	R16,R28
     158 DF8C      RCALL	_nRF24L01_RxPacket
     159 2300      TST	R16
     15A F089      BEQ	0x016C
(0300) 		{
(0301) 		if(RxBuf[0]==0x29)
     15B 8188      LDD	R24,Y+0
     15C 3289      CPI	R24,0x29
     15D F419      BNE	0x0161
(0302) 		{
(0303) 		Low_JDQ ;   //关闭继电器
     15E 9897      CBI	0x12,7
(0304) 	   // Delay(1000);
(0305) 		PORTC=0xfe;
     15F EF8E      LDI	R24,0xFE
     160 BB85      OUT	0x15,R24
(0306) 		}
(0307) 		if(RxBuf[0]==0x30)
     161 8188      LDD	R24,Y+0
     162 3380      CPI	R24,0x30
     163 F419      BNE	0x0167
(0308) 		{
(0309) 		Hign_JDQ ;//打开继电器
     164 9A97      SBI	0x12,7
(0310) 	   // Delay(1000);
(0311) 	    PORTC=0xbf;
     165 EB8F      LDI	R24,0xBF
     166 BB85      OUT	0x15,R24
(0312) 		}
(0313) 		if(RxBuf[0]==0x31)
     167 8188      LDD	R24,Y+0
     168 3381      CPI	R24,0x31
     169 F411      BNE	0x016C
(0314) 		{
(0315) 	    PORTC=0xff;//数码管熄灭
     16A EF8F      LDI	R24,0xFF
     16B BB85      OUT	0x15,R24
(0316) 		}
(0317) 		}	
(0318) 		RxBuf[0]=0;
FILE: <library>
     16C 2422      CLR	R2
     16D 8228      STD	Y+0,R2
     16E CFE7      RJMP	0x0156
     16F 96A0      ADIW	R28,0x20
     170 9508      RET
pop_xgset003C:
     171 90A9      LD	R10,Y+
     172 90B9      LD	R11,Y+
     173 90C9      LD	R12,Y+
     174 90D9      LD	R13,Y+
     175 9508      RET
pop_xgset00FC:
     176 90A9      LD	R10,Y+
     177 90B9      LD	R11,Y+
     178 90C9      LD	R12,Y+
     179 90D9      LD	R13,Y+
     17A 90E9      LD	R14,Y+
     17B 90F9      LD	R15,Y+
     17C 9508      RET
push_xgsetF0FC:
     17D 937A      ST	R23,-Y
     17E 936A      ST	R22,-Y
push_xgset30FC:
     17F 935A      ST	R21,-Y
     180 934A      ST	R20,-Y
push_xgset00FC:
     181 92FA      ST	R15,-Y
     182 92EA      ST	R14,-Y
push_xgset003C:
     183 92DA      ST	R13,-Y
     184 92CA      ST	R12,-Y
     185 92BA      ST	R11,-Y
     186 92AA      ST	R10,-Y
     187 9508      RET
push_xgset300C:
     188 935A      ST	R21,-Y
     189 934A      ST	R20,-Y
     18A 92BA      ST	R11,-Y
     18B 92AA      ST	R10,-Y
     18C 9508      RET
pop_xgset300C:
     18D 90A9      LD	R10,Y+
     18E 90B9      LD	R11,Y+
     18F 9149      LD	R20,Y+
     190 9159      LD	R21,Y+
     191 9508      RET
push_xgset303C:
     192 935A      ST	R21,-Y
     193 934A      ST	R20,-Y
     194 92DA      ST	R13,-Y
     195 92CA      ST	R12,-Y
     196 92BA      ST	R11,-Y
     197 92AA      ST	R10,-Y
     198 9508      RET
pop_xgset303C:
     199 90A9      LD	R10,Y+
     19A 90B9      LD	R11,Y+
     19B 90C9      LD	R12,Y+
     19C 90D9      LD	R13,Y+
     19D 9149      LD	R20,Y+
     19E 9159      LD	R21,Y+
     19F 9508      RET
