<html>
<body>
<pre>
<h1>µVision Build Log</h1>
<h2>Tool Versions:</h2>
IDE-Version: ¦ÌVision V5.29.0.0
Copyright (C) 2019 ARM Ltd and ARM Germany GmbH. All rights reserved.
License Information: mo shaoyu, moshaoyu, LIC=GMZI6-DJI2R-GKTBG-VU6FZ-E4BUD-46SKA
 
Tool Versions:
Toolchain:       MDK-ARM Plus  Version: 5.29.0.0
Toolchain Path:  D:\Keil_v5\ARM\ARMCC\Bin
C Compiler:      Armcc.exe V5.06 update 6 (build 750)
Assembler:       Armasm.exe V5.06 update 6 (build 750)
Linker/Locator:  ArmLink.exe V5.06 update 6 (build 750)
Library Manager: ArmAr.exe V5.06 update 6 (build 750)
Hex Converter:   FromElf.exe V5.06 update 6 (build 750)
CPU DLL:         SARMCM3.DLL V5.29.0.0
Dialog DLL:      DCM.DLL V1.17.3.0
Target DLL:      STLink\ST-LINKIII-KEIL_SWO.dll V3.0.7.0
Dialog DLL:      TCM.DLL V1.36.5.0
 
<h2>Project:</h2>
D:\STM32work\rc\volleyball\MDK-ARM\volleyball.uvprojx
Project File Date:  05/24/2025

<h2>Output:</h2>
*** Using Compiler 'V5.06 update 6 (build 750)', folder: 'D:\Keil_v5\ARM\ARMCC\Bin'
Build target 'volleyball'
compiling stm32f4xx_hal_flash_ramfunc.c...
compiling tim.c...
compiling gpio.c...
compiling stm32f4xx_it.c...
compiling stm32f4xx_hal_msp.c...
compiling main.c...
../application/chassis_controll.h(171): warning:  #1-D: last line of file ends without a newline
  #endif
../Core/Src/main.c: 1 warning, 0 errors
compiling stm32f4xx_hal_rcc_ex.c...
compiling stm32f4xx_hal_exti.c...
compiling stm32f4xx_hal_flash_ex.c...
compiling stm32f4xx_hal_cortex.c...
compiling stm32f4xx_hal.c...
compiling stm32f4xx_hal_pwr_ex.c...
compiling can.c...
compiling stm32f4xx_hal_gpio.c...
compiling chassis_pid.c...
..\application\chassis_pid.c(120): warning:  #1035-D: single-precision operand implicitly converted to double-precision
  			if(pid->error[0] > 3.14) pid->error[0] -= 6.28;
..\application\chassis_pid.c(120): warning:  #1035-D: single-precision operand implicitly converted to double-precision
  			if(pid->error[0] > 3.14) pid->error[0] -= 6.28;
..\application\chassis_pid.c(121): warning:  #1035-D: single-precision operand implicitly converted to double-precision
  			if(pid->error[0] <-3.14) pid->error[0] +=6.28;
..\application\chassis_pid.c(187): warning:  #1-D: last line of file ends without a newline
  }
..\application\chassis_pid.c: 4 warnings, 0 errors
compiling stm32f4xx_hal_flash.c...
compiling stm32f4xx_hal_pwr.c...
compiling stm32f4xx_hal_can.c...
compiling stm32f4xx_hal_rcc.c...
compiling stm32f4xx_hal_dma.c...
compiling stm32f4xx_hal_dma_ex.c...
compiling stm32f4xx_hal_tim_ex.c...
compiling stm32f4xx_hal_tim.c...
compiling chassis_power_controll.c...
..\application\chassis_controll.h(171): warning:  #1-D: last line of file ends without a newline
  #endif
..\application\chassis_power_controll.c(35): warning:  #177-D: variable "input_power"  was declared but never referenced
      float input_power = 0;
..\application\chassis_power_controll.c(43): warning:  #177-D: variable "chassis_power"  was declared but never referenced
      fp32 chassis_power = 0.0f;
..\application\chassis_power_controll.c(45): warning:  #177-D: variable "chassis_power_buffer"  was declared but never referenced
      fp32 chassis_power_buffer = 0.0f;
..\application\chassis_power_controll.c: 4 warnings, 0 errors
linking...
Program Size: Code=4652 RO-data=440 RW-data=20 ZI-data=1788  
FromELF: creating hex file...
"volleyball\volleyball.axf" - 0 Error(s), 9 Warning(s).

<h2>Software Packages used:</h2>

Package Vendor: ARM
                http://www.keil.com/pack/ARM.CMSIS.5.6.0.pack
                ARM.CMSIS.5.6.0
                CMSIS (Cortex Microcontroller Software Interface Standard)
   * Component: CORE Version: 5.3.0

Package Vendor: Keil
                http://www.keil.com/pack/Keil.STM32F4xx_DFP.2.15.0.pack
                Keil.STM32F4xx_DFP.2.15.0
                STMicroelectronics STM32F4 Series Device Support, Drivers and Examples

<h2>Collection of Component include folders:</h2>
  .\RTE\_volleyball
  D:\Keil_v5\ARM\PACK\ARM\CMSIS\5.6.0\CMSIS\Core\Include
  D:\Keil_v5\ARM\PACK\Keil\STM32F4xx_DFP\2.15.0\Drivers\CMSIS\Device\ST\STM32F4xx\Include

<h2>Collection of Component Files used:</h2>

   * Component: ARM::CMSIS:CORE:5.3.0
Build Time Elapsed:  00:00:05
</pre>
</body>
</html>
