Friday, May 29, 22:12:16, 2009

                    Sunplus u'nSP Linker version 1.10.0 (enc)
                    -------------------------------------------

Global Symbol Name                             Global Value     Global Filename
***********************************************************************************************************************************************************************************************************************************************************************************************************
_RESET                                             800E         "D:\PROGRA~1\Sunplus\UNSPID~1\unSPIDE\startupD.obj"
__sn_loop                                          802A         "D:\PROGRA~1\Sunplus\UNSPID~1\unSPIDE\startupD.obj"
__sn_loop2                                         8029         "D:\PROGRA~1\Sunplus\UNSPID~1\unSPIDE\startupD.obj"
_RES_Table                                         0            "E:\lingyang\SPI_nRF24L01_TX\Debug\Resource.obj"
_Buffer                                            11           "E:\lingyang\SPI_nRF24L01_TX\Debug\main.obj"
_TX_ADDRESS                                        8009         "E:\lingyang\SPI_nRF24L01_TX\Debug\main.obj"
_Tx_Buffer                                         16           "E:\lingyang\SPI_nRF24L01_TX\Debug\main.obj"
_Initial_IOB                                       802B         "E:\lingyang\SPI_nRF24L01_TX\Debug\main.obj"
_delay1us                                          803B         "E:\lingyang\SPI_nRF24L01_TX\Debug\main.obj"
_SPI_RW                                            8054         "E:\lingyang\SPI_nRF24L01_TX\Debug\main.obj"
_SPI_Read                                          80A6         "E:\lingyang\SPI_nRF24L01_TX\Debug\main.obj"
_SPI_RW_Reg                                        80CC         "E:\lingyang\SPI_nRF24L01_TX\Debug\main.obj"
_SPI_Read_Buf                                      80F7         "E:\lingyang\SPI_nRF24L01_TX\Debug\main.obj"
_SPI_Write_Buf                                     8153         "E:\lingyang\SPI_nRF24L01_TX\Debug\main.obj"
_nRF24L01RxPacket                                  81B4         "E:\lingyang\SPI_nRF24L01_TX\Debug\main.obj"
_nRF24L01_TxPacket                                 820A         "E:\lingyang\SPI_nRF24L01_TX\Debug\main.obj"
_RX_Mode                                           8251         "E:\lingyang\SPI_nRF24L01_TX\Debug\main.obj"
_TX_Mode                                           82BA         "E:\lingyang\SPI_nRF24L01_TX\Debug\main.obj"
_nRF24L01_Initial                                  8323         "E:\lingyang\SPI_nRF24L01_TX\Debug\main.obj"
_nRF24L01_Config                                   833C         "E:\lingyang\SPI_nRF24L01_TX\Debug\main.obj"
_main                                              838F         "E:\lingyang\SPI_nRF24L01_TX\Debug\main.obj"
_SPI_ReceiveData                                   0            "E:\lingyang\SPI_nRF24L01_TX\Debug\main.obj"
_RX                                                1            "E:\lingyang\SPI_nRF24L01_TX\Debug\main.obj"
***********************************************************************************************************************************************************************************************************************************************************************************************************

***********************************************************************************************************************************************************************************************************************************************************************************************************
*                             S E C T I O N     S U M M A R Y                                                                                                                                                                                                                                             *
***********************************************************************************************************************************************************************************************************************************************************************************************************
*     Section Name                             Startting Address   Ending Address    Size                                                                                                                                                                                                                 *
***********************************************************************************************************************************************************************************************************************************************************************************************************
* "D:\PROGRA~1\Sunplus\UNSPID~1\unSPIDE\startupD.obj"                                                                                                                                                                                                                                                     *
*    DEBUG                                         ----                 ----         ----                                                                                                                                                                                                                 *
*    CODE                                          ----                 ----         ----                                                                                                                                                                                                                 *
*    DATA                                          ----                 ----         ----                                                                                                                                                                                                                 *
*    TEXT                                          ----                 ----         ----                                                                                                                                                                                                                 *
*    IRAM                                          ----                 ----         ----                                                                                                                                                                                                                 *
*    ISRAM                                         ----                 ----         ----                                                                                                                                                                                                                 *
*    RAM                                           ----                 ----         ----                                                                                                                                                                                                                 *
*    SRAM                                          ----                 ----         ----                                                                                                                                                                                                                 *
*    ORAM                                          ----                 ----         ----                                                                                                                                                                                                                 *
*    OSRAM                                         ----                 ----         ----                                                                                                                                                                                                                 *
*    NB_DATA                                       ----                 ----         ----                                                                                                                                                                                                                 *
*    unSP_StartUp(TEXT)                            800E                 802A         1D                                                                                                                                                                                                                   *
* "E:\lingyang\SPI_nRF24L01_TX\Debug\Resource.obj"                                                                                                                                                                                                                                                        *
*    DEBUG                                         ----                 ----         ----                                                                                                                                                                                                                 *
*    CODE                                          ----                 ----         ----                                                                                                                                                                                                                 *
*    DATA                                          ----                 ----         ----                                                                                                                                                                                                                 *
*    TEXT                                          ----                 ----         ----                                                                                                                                                                                                                 *
*    IRAM                                          ----                 ----         ----                                                                                                                                                                                                                 *
*    ISRAM                                         ----                 ----         ----                                                                                                                                                                                                                 *
*    RAM                                           ----                 ----         ----                                                                                                                                                                                                                 *
*    SRAM                                          ----                 ----         ----                                                                                                                                                                                                                 *
*    ORAM                                          ----                 ----         ----                                                                                                                                                                                                                 *
*    OSRAM                                         ----                 ----         ----                                                                                                                                                                                                                 *
*    NB_DATA                                       ----                 ----         ----                                                                                                                                                                                                                 *
*    CTOR                                          ----                 ----         ----                                                                                                                                                                                                                 *
*    DTOR                                          ----                 ----         ----                                                                                                                                                                                                                 *
*    IM                                            ----                 ----         ----                                                                                                                                                                                                                 *
* "E:\lingyang\SPI_nRF24L01_TX\Debug\main.obj"                                                                                                                                                                                                                                                            *
*    DEBUG                                         ----                 ----         ----                                                                                                                                                                                                                 *
*    CODE                                          802B                 83AD         383                                                                                                                                                                                                                  *
*    DATA                                          ----                 ----         ----                                                                                                                                                                                                                 *
*    TEXT                                          8009                 800D         5                                                                                                                                                                                                                    *
*    IRAM                                          83AE (11)            83B7 (1A)    A                                                                                                                                                                                                                    *
*    ISRAM                                         ----                 ----         ----                                                                                                                                                                                                                 *
*    RAM                                           0                    10           11                                                                                                                                                                                                                   *
*    SRAM                                          ----                 ----         ----                                                                                                                                                                                                                 *
*    ORAM                                          ----                 ----         ----                                                                                                                                                                                                                 *
*    OSRAM                                         ----                 ----         ----                                                                                                                                                                                                                 *
*    NB_DATA                                       ----                 ----         ----                                                                                                                                                                                                                 *
*    CTOR                                          ----                 ----         ----                                                                                                                                                                                                                 *
*    DTOR                                          ----                 ----         ----                                                                                                                                                                                                                 *
*    IM                                            ----                 ----         ----                                                                                                                                                                                                                 *
* "Init Table"                                     8000                 8008         9                                                                                                                                                                                                                    *
***********************************************************************************************************************************************************************************************************************************************************************************************************

***********************************************************************************************************************************************************************************************************************************************************************************************************
*                             M E M O R Y     S U M M A R Y                                                                                                                                                                                                                                               *
***********************************************************************************************************************************************************************************************************************************************************************************************************
*     Type                          Total               Using        Remain                                                                                                                                                                                                                               *
***********************************************************************************************************************************************************************************************************************************************************************************************************
* "SRam/OSRam/ISRam"                40                   0            40                                                                                                                                                                                                                                  *
* "Ram"                             800                  1B           7E5                                                                                                                                                                                                                                 *
* "First Bank Rom"                  7C00                 3B8          7848                                                                                                                                                                                                                                *
* "Other Banks Rom"                 0                    0            0                                                                                                                                                                                                                                   *
***********************************************************************************************************************************************************************************************************************************************************************************************************

Linker Output Filename : E:\lingyang\SPI_nRF24L01_TX\Debug\SPI_nRF24L01_TX.S37
Disk  Mapping Filename : E:\lingyang\SPI_nRF24L01_TX\Debug\SPI_nRF24L01_TX.map
Symbol  Table FileName : E:\lingyang\SPI_nRF24L01_TX\Debug\SPI_nRF24L01_TX.sym
Format :                 Microtek

Linker Errors :          0
Output Format :          S37
